// Jest Snapshot v1, https://goo.gl/fbAQLP

exports[`should give top 100 results 1`] = `Array []`;

exports[`should give top 100 results 2`] = `
Array [
  "ip index=330 numberOfRequests=9982",
  "ip index=532 numberOfRequests=9977",
  "ip index=112 numberOfRequests=9965",
  "ip index=339 numberOfRequests=9950",
  "ip index=249 numberOfRequests=9917",
  "ip index=674 numberOfRequests=9896",
  "ip index=135 numberOfRequests=9877",
  "ip index=108 numberOfRequests=9875",
  "ip index=476 numberOfRequests=9841",
  "ip index=600 numberOfRequests=9834",
  "ip index=219 numberOfRequests=9811",
  "ip index=338 numberOfRequests=9811",
  "ip index=278 numberOfRequests=9792",
  "ip index=300 numberOfRequests=9790",
  "ip index=189 numberOfRequests=9784",
  "ip index=173 numberOfRequests=9772",
  "ip index=155 numberOfRequests=9741",
  "ip index=673 numberOfRequests=9729",
  "ip index=572 numberOfRequests=9722",
  "ip index=687 numberOfRequests=9711",
  "ip index=10 numberOfRequests=9710",
  "ip index=676 numberOfRequests=9706",
  "ip index=541 numberOfRequests=9705",
  "ip index=619 numberOfRequests=9698",
  "ip index=578 numberOfRequests=9692",
  "ip index=418 numberOfRequests=9691",
  "ip index=43 numberOfRequests=9672",
  "ip index=152 numberOfRequests=9659",
  "ip index=251 numberOfRequests=9651",
  "ip index=158 numberOfRequests=9648",
  "ip index=623 numberOfRequests=9647",
  "ip index=92 numberOfRequests=9636",
  "ip index=66 numberOfRequests=9631",
  "ip index=157 numberOfRequests=9626",
  "ip index=89 numberOfRequests=9615",
  "ip index=148 numberOfRequests=9611",
  "ip index=478 numberOfRequests=9607",
  "ip index=586 numberOfRequests=9604",
  "ip index=51 numberOfRequests=9577",
  "ip index=651 numberOfRequests=9577",
  "ip index=663 numberOfRequests=9561",
  "ip index=337 numberOfRequests=9538",
  "ip index=689 numberOfRequests=9519",
  "ip index=693 numberOfRequests=9509",
  "ip index=353 numberOfRequests=9508",
  "ip index=396 numberOfRequests=9506",
  "ip index=298 numberOfRequests=9500",
  "ip index=24 numberOfRequests=9497",
  "ip index=171 numberOfRequests=9484",
  "ip index=435 numberOfRequests=9462",
  "ip index=440 numberOfRequests=9432",
  "ip index=232 numberOfRequests=9429",
  "ip index=196 numberOfRequests=9411",
  "ip index=456 numberOfRequests=9410",
  "ip index=214 numberOfRequests=9400",
  "ip index=294 numberOfRequests=9395",
  "ip index=444 numberOfRequests=9366",
  "ip index=428 numberOfRequests=9351",
  "ip index=146 numberOfRequests=9308",
  "ip index=288 numberOfRequests=9305",
  "ip index=381 numberOfRequests=9281",
  "ip index=143 numberOfRequests=9274",
  "ip index=308 numberOfRequests=9255",
  "ip index=265 numberOfRequests=9251",
  "ip index=516 numberOfRequests=9229",
  "ip index=56 numberOfRequests=9213",
  "ip index=98 numberOfRequests=9213",
  "ip index=81 numberOfRequests=9200",
  "ip index=605 numberOfRequests=9180",
  "ip index=318 numberOfRequests=9175",
  "ip index=327 numberOfRequests=9165",
  "ip index=144 numberOfRequests=9150",
  "ip index=528 numberOfRequests=9142",
  "ip index=178 numberOfRequests=9104",
  "ip index=573 numberOfRequests=9102",
  "ip index=420 numberOfRequests=9101",
  "ip index=200 numberOfRequests=9099",
  "ip index=597 numberOfRequests=9098",
  "ip index=279 numberOfRequests=9062",
  "ip index=59 numberOfRequests=9038",
  "ip index=191 numberOfRequests=8990",
  "ip index=625 numberOfRequests=8990",
  "ip index=447 numberOfRequests=8962",
  "ip index=622 numberOfRequests=8961",
  "ip index=488 numberOfRequests=8952",
  "ip index=127 numberOfRequests=8945",
  "ip index=169 numberOfRequests=8945",
  "ip index=183 numberOfRequests=8923",
  "ip index=349 numberOfRequests=8910",
  "ip index=128 numberOfRequests=8908",
  "ip index=105 numberOfRequests=8897",
  "ip index=477 numberOfRequests=8894",
  "ip index=448 numberOfRequests=8886",
  "ip index=139 numberOfRequests=8823",
  "ip index=39 numberOfRequests=8817",
  "ip index=79 numberOfRequests=8815",
  "ip index=48 numberOfRequests=8813",
  "ip index=667 numberOfRequests=8781",
  "ip index=231 numberOfRequests=8774",
  "ip index=553 numberOfRequests=8770",
]
`;
